BL51 BANKED LINKER/LOCATER V6.22.4.0                                                    05/29/2024  21:19:35  PAGE 1


BL51 BANKED LINKER/LOCATER V6.22.4.0, INVOKED BY:
D:\KEILMDK\C51\BIN\BL51.EXE .\Objects\main.obj TO .\Objects\test PRINT (.\Listings\test.m51) RAMSIZE (256)


INPUT MODULES INCLUDED:
  .\Objects\main.obj (MAIN)


LINK MAP OF MODULE:  .\Objects\test (MAIN)


            TYPE    BASE      LENGTH    RELOCATION   SEGMENT NAME
            -----------------------------------------------------

            * * * * * * *   D A T A   M E M O R Y   * * * * * * *
            REG     0000H     0008H     ABSOLUTE     "REG BANK 0"

            * * * * * * *   C O D E   M E M O R Y   * * * * * * *
            CODE    0000H     0322H     ABSOLUTE     



SYMBOL TABLE OF MODULE:  .\Objects\test (MAIN)

  VALUE           TYPE          NAME
  ----------------------------------

  -------         MODULE        MAIN
  D:00E0H         SYMBOL        ACC
  D:00F0H         SYMBOL        B
  B:00B0H.2       SYMBOL        CONFIRM_BUTTON
  D:0036H         SYMBOL        DAY
  C:00B2H         SYMBOL        DAY_JUDGEMENT
  N:001FH         SYMBOL        DAY_MAX
  D:0035H         SYMBOL        DELAY_COUNTER
  C:0318H         SYMBOL        DIGIT_TABLE
  D:0034H         SYMBOL        DISPLAY_COUNTER
  C:01B6H         SYMBOL        DISPLAY_DATES
  C:01C0H         SYMBOL        DISPLAY_DATES_CONTINUE
  C:024CH         SYMBOL        DISPLAY_DAYS
  C:024AH         SYMBOL        DISPLAY_DAYS_CHECK
  C:026CH         SYMBOL        DISPLAY_DAYS_CONTINUE
  C:01BEH         SYMBOL        DISPLAY_DAYS_CONTINUE_M
  C:0123H         SYMBOL        DISPLAY_HOURS
  C:011FH         SYMBOL        DISPLAY_HOURS_CHECK
  C:0143H         SYMBOL        DISPLAY_HOURS_CONTINUE
  C:015CH         SYMBOL        DISPLAY_MINUTES
  C:015AH         SYMBOL        DISPLAY_MINUTES_CHECK
  C:017CH         SYMBOL        DISPLAY_MINUTES_CONTINUE
  C:021FH         SYMBOL        DISPLAY_MONTHS
  C:021DH         SYMBOL        DISPLAY_MONTHS_CHECK
  C:023FH         SYMBOL        DISPLAY_MONTHS_CONTINUE
  C:0195H         SYMBOL        DISPLAY_SECONDS
  C:0193H         SYMBOL        DISPLAY_SECONDS_CHECK
  C:01B5H         SYMBOL        DISPLAY_SECONDS_CONTINUE
  C:0121H         SYMBOL        DISPLAY_SECONDS_CONTINUE_M
  C:010AH         SYMBOL        DISPLAY_TIMES
  C:01D2H         SYMBOL        DISPLAY_YEARS
BL51 BANKED LINKER/LOCATER V6.22.4.0                                                  05/29/2024  21:19:35  PAGE 2


  C:01D0H         SYMBOL        DISPLAY_YEARS_CHECK
  C:0212H         SYMBOL        DISPLAY_YEARS_CONTINUE
  D:0083H         SYMBOL        DPH
  D:0082H         SYMBOL        DPL
  B:00D0H.5       SYMBOL        F0
  D:0033H         SYMBOL        HOURS
  N:0018H         SYMBOL        HOURS_MAX
  D:00A8H         SYMBOL        IE
  B:00B0H.0       SYMBOL        INCREMENT_BUTTON
  C:00ECH         SYMBOL        LEAP
  C:0045H         SYMBOL        MAIN
  C:0066H         SYMBOL        MAIN_LOOP
  D:0032H         SYMBOL        MINUTES
  N:003CH         SYMBOL        MINUTES_MAX
  N:0030H         SYMBOL        MODE_FLAG
  D:0037H         SYMBOL        MONTH
  N:000CH         SYMBOL        MONTH_MAX
  C:00F6H         SYMBOL        NOT_LEAP
  D:0080H         SYMBOL        P0
  D:0090H         SYMBOL        P1
  D:00A0H         SYMBOL        P2
  D:00B0H         SYMBOL        P3
  D:00D0H         SYMBOL        PSW
  D:0031H         SYMBOL        SECONDS
  N:003CH         SYMBOL        SECONDS_MAX
  C:026DH         SYMBOL        SETTING_MODE
  B:00B0H.1       SYMBOL        SETUP_BUTTON
  C:02FBH         SYMBOL        SETUP_INCREMENT_DAY
  C:02A2H         SYMBOL        SETUP_INCREMENT_HOURS
  C:02B3H         SYMBOL        SETUP_INCREMENT_MINUTES
  C:02ECH         SYMBOL        SETUP_INCREMENT_MONTH
  C:02C2H         SYMBOL        SETUP_INCREMENT_SECONDS
  C:02D1H         SYMBOL        SETUP_INCREMENT_YEAR
  C:0282H         SYMBOL        SETUP_MODE_0
  C:0291H         SYMBOL        SETUP_MODE_1
  C:030AH         SYMBOL        SETUP_MODE_2
  C:0317H         SYMBOL        SETUP_RETURN
  C:0290H         SYMBOL        SETUP_RETURN_1
  D:0081H         SYMBOL        SP
  B:00B0H.3       SYMBOL        SWITCH_BUTTON
  N:003AH         SYMBOL        SWITCH_FLAG
  D:008DH         SYMBOL        TH1
  C:0070H         SYMBOL        TIMER_INTERRUPT
  C:0105H         SYMBOL        TIMER_INTERRUPT_CONTINUE
  C:00F4H         SYMBOL        TIMER_INTERRUPT_CONTINUE_M
  D:008BH         SYMBOL        TL1
  D:0089H         SYMBOL        TMOD
  B:0088H.6       SYMBOL        TR1
  D:0038H         SYMBOL        YEAR
  D:0039H         SYMBOL        YEARH
  N:0063H         SYMBOL        YEAR_MAX
  C:0000H         LINE#         33
  C:001BH         LINE#         37
  C:0045H         LINE#         42
  C:0047H         LINE#         43
  C:004AH         LINE#         44
  C:004DH         LINE#         45
BL51 BANKED LINKER/LOCATER V6.22.4.0                                                  05/29/2024  21:19:35  PAGE 3


  C:0050H         LINE#         46
  C:0053H         LINE#         47
  C:0056H         LINE#         48
  C:0058H         LINE#         49
  C:005AH         LINE#         50
  C:005DH         LINE#         51
  C:0060H         LINE#         52
  C:0063H         LINE#         53
  C:0066H         LINE#         55
  C:0069H         LINE#         56
  C:006CH         LINE#         57
  C:006EH         LINE#         58
  C:0070H         LINE#         62
  C:0072H         LINE#         63
  C:0074H         LINE#         64
  C:0077H         LINE#         65
  C:007AH         LINE#         66
  C:007BH         LINE#         67
  C:007EH         LINE#         68
  C:0080H         LINE#         70
  C:0082H         LINE#         71
  C:0084H         LINE#         72
  C:0087H         LINE#         73
  C:008AH         LINE#         74
  C:008CH         LINE#         75
  C:008EH         LINE#         76
  C:0091H         LINE#         77
  C:0094H         LINE#         78
  C:0096H         LINE#         79
  C:0098H         LINE#         80
  C:009BH         LINE#         81
  C:009EH         LINE#         83
  C:00A0H         LINE#         84
  C:00A2H         LINE#         85
  C:00A3H         LINE#         86
  C:00A4H         LINE#         87
  C:00B2H         LINE#         94
  C:00B3H         LINE#         95
  C:00B5H         LINE#         96
  C:00B7H         LINE#         97
  C:00B9H         LINE#         98
  C:00BCH         LINE#         99
  C:00BEH         LINE#         100
  C:00C1H         LINE#         101
  C:00C4H         LINE#         104
  C:00C6H         LINE#         105
  C:00C9H         LINE#         106
  C:00CAH         LINE#         107
  C:00CCH         LINE#         108
  C:00CFH         LINE#         111
  C:00D1H         LINE#         112
  C:00D4H         LINE#         113
  C:00D5H         LINE#         114
  C:00D7H         LINE#         115
  C:00DAH         LINE#         118
  C:00DDH         LINE#         119
  C:00DFH         LINE#         120
BL51 BANKED LINKER/LOCATER V6.22.4.0                                                  05/29/2024  21:19:35  PAGE 4


  C:00E2H         LINE#         121
  C:00E4H         LINE#         122
  C:00E6H         LINE#         123
  C:00E7H         LINE#         124
  C:00E9H         LINE#         125
  C:00ECH         LINE#         128
  C:00EEH         LINE#         129
  C:00F0H         LINE#         130
  C:00F2H         LINE#         131
  C:00F4H         LINE#         134
  C:00F6H         LINE#         137
  C:00F9H         LINE#         138
  C:00FBH         LINE#         139
  C:00FDH         LINE#         140
  C:0100H         LINE#         141
  C:0103H         LINE#         142
  C:0105H         LINE#         145
  C:0107H         LINE#         146
  C:0109H         LINE#         147
  C:010AH         LINE#         151
  C:010CH         LINE#         152
  C:010FH         LINE#         154
  C:0112H         LINE#         155
  C:0114H         LINE#         156
  C:0116H         LINE#         157
  C:0119H         LINE#         158
  C:011AH         LINE#         159
  C:011CH         LINE#         160
  C:011FH         LINE#         162
  C:0121H         LINE#         164
  C:0123H         LINE#         166
  C:0125H         LINE#         167
  C:0128H         LINE#         168
  C:0129H         LINE#         169
  C:012AH         LINE#         170
  C:012CH         LINE#         171
  C:012FH         LINE#         172
  C:0132H         LINE#         173
  C:0135H         LINE#         175
  C:0137H         LINE#         176
  C:0138H         LINE#         177
  C:013AH         LINE#         178
  C:013DH         LINE#         179
  C:0140H         LINE#         180
  C:0143H         LINE#         183
  C:0146H         LINE#         184
  C:0149H         LINE#         185
  C:014CH         LINE#         186
  C:014FH         LINE#         188
  C:0151H         LINE#         189
  C:0154H         LINE#         190
  C:0155H         LINE#         191
  C:0157H         LINE#         192
  C:015AH         LINE#         194
  C:015CH         LINE#         196
  C:015EH         LINE#         197
  C:0161H         LINE#         198
BL51 BANKED LINKER/LOCATER V6.22.4.0                                                  05/29/2024  21:19:35  PAGE 5


  C:0162H         LINE#         199
  C:0163H         LINE#         200
  C:0165H         LINE#         201
  C:0168H         LINE#         202
  C:016BH         LINE#         203
  C:016EH         LINE#         205
  C:0170H         LINE#         206
  C:0171H         LINE#         207
  C:0173H         LINE#         208
  C:0176H         LINE#         209
  C:0179H         LINE#         210
  C:017CH         LINE#         213
  C:017FH         LINE#         214
  C:0182H         LINE#         215
  C:0185H         LINE#         216
  C:0188H         LINE#         218
  C:018AH         LINE#         219
  C:018DH         LINE#         220
  C:018EH         LINE#         221
  C:0190H         LINE#         222
  C:0193H         LINE#         224
  C:0195H         LINE#         226
  C:0197H         LINE#         227
  C:019AH         LINE#         228
  C:019BH         LINE#         229
  C:019CH         LINE#         230
  C:019EH         LINE#         231
  C:01A1H         LINE#         232
  C:01A4H         LINE#         233
  C:01A7H         LINE#         235
  C:01A9H         LINE#         236
  C:01AAH         LINE#         237
  C:01ACH         LINE#         238
  C:01AFH         LINE#         239
  C:01B2H         LINE#         240
  C:01B5H         LINE#         242
  C:01B6H         LINE#         246
  C:01B8H         LINE#         247
  C:01BBH         LINE#         248
  C:01BEH         LINE#         250
  C:01C0H         LINE#         252
  C:01C3H         LINE#         253
  C:01C5H         LINE#         254
  C:01C7H         LINE#         255
  C:01CAH         LINE#         256
  C:01CBH         LINE#         257
  C:01CDH         LINE#         258
  C:01D0H         LINE#         260
  C:01D2H         LINE#         263
  C:01D4H         LINE#         264
  C:01D7H         LINE#         265
  C:01D8H         LINE#         266
  C:01D9H         LINE#         267
  C:01DBH         LINE#         268
  C:01DEH         LINE#         269
  C:01E1H         LINE#         270
  C:01E4H         LINE#         272
BL51 BANKED LINKER/LOCATER V6.22.4.0                                                  05/29/2024  21:19:35  PAGE 6


  C:01E6H         LINE#         273
  C:01E7H         LINE#         274
  C:01E9H         LINE#         275
  C:01ECH         LINE#         276
  C:01EFH         LINE#         277
  C:01F2H         LINE#         280
  C:01F4H         LINE#         281
  C:01F7H         LINE#         282
  C:01F8H         LINE#         283
  C:01F9H         LINE#         284
  C:01FBH         LINE#         285
  C:01FEH         LINE#         286
  C:0201H         LINE#         287
  C:0204H         LINE#         289
  C:0206H         LINE#         290
  C:0207H         LINE#         291
  C:0209H         LINE#         292
  C:020CH         LINE#         293
  C:020FH         LINE#         294
  C:0212H         LINE#         297
  C:0214H         LINE#         298
  C:0217H         LINE#         299
  C:0218H         LINE#         300
  C:021AH         LINE#         301
  C:021DH         LINE#         303
  C:021FH         LINE#         306
  C:0221H         LINE#         307
  C:0224H         LINE#         308
  C:0225H         LINE#         309
  C:0226H         LINE#         310
  C:0228H         LINE#         311
  C:022BH         LINE#         312
  C:022EH         LINE#         313
  C:0231H         LINE#         315
  C:0233H         LINE#         316
  C:0234H         LINE#         317
  C:0236H         LINE#         318
  C:0239H         LINE#         319
  C:023CH         LINE#         320
  C:023FH         LINE#         323
  C:0241H         LINE#         324
  C:0244H         LINE#         325
  C:0245H         LINE#         326
  C:0247H         LINE#         327
  C:024AH         LINE#         329
  C:024CH         LINE#         332
  C:024EH         LINE#         333
  C:0251H         LINE#         334
  C:0252H         LINE#         335
  C:0253H         LINE#         336
  C:0255H         LINE#         337
  C:0258H         LINE#         338
  C:025BH         LINE#         339
  C:025EH         LINE#         341
  C:0260H         LINE#         342
  C:0261H         LINE#         343
  C:0263H         LINE#         344
BL51 BANKED LINKER/LOCATER V6.22.4.0                                                  05/29/2024  21:19:35  PAGE 7


  C:0266H         LINE#         345
  C:0269H         LINE#         346
  C:026CH         LINE#         348
  C:026DH         LINE#         352
  C:0270H         LINE#         353
  C:0273H         LINE#         354
  C:0275H         LINE#         355
  C:0277H         LINE#         356
  C:0279H         LINE#         357
  C:027CH         LINE#         358
  C:027FH         LINE#         359
  C:0282H         LINE#         362
  C:0285H         LINE#         363
  C:0288H         LINE#         364
  C:028BH         LINE#         365
  C:028DH         LINE#         366
  C:0290H         LINE#         369
  C:0291H         LINE#         372
  C:0293H         LINE#         373
  C:0295H         LINE#         374
  C:0298H         LINE#         375
  C:029BH         LINE#         376
  C:029DH         LINE#         377
  C:02A0H         LINE#         378
  C:02A2H         LINE#         381
  C:02A4H         LINE#         382
  C:02A7H         LINE#         383
  C:02A9H         LINE#         384
  C:02ABH         LINE#         385
  C:02AEH         LINE#         386
  C:02B1H         LINE#         387
  C:02B3H         LINE#         390
  C:02B6H         LINE#         391
  C:02B8H         LINE#         392
  C:02BAH         LINE#         393
  C:02BDH         LINE#         394
  C:02C0H         LINE#         395
  C:02C2H         LINE#         398
  C:02C5H         LINE#         399
  C:02C7H         LINE#         400
  C:02C9H         LINE#         401
  C:02CCH         LINE#         402
  C:02CFH         LINE#         403
  C:02D1H         LINE#         406
  C:02D3H         LINE#         407
  C:02D6H         LINE#         408
  C:02D8H         LINE#         409
  C:02DAH         LINE#         410
  C:02DDH         LINE#         411
  C:02E0H         LINE#         412
  C:02E2H         LINE#         413
  C:02E4H         LINE#         414
  C:02E7H         LINE#         415
  C:02EAH         LINE#         416
  C:02ECH         LINE#         419
  C:02EFH         LINE#         420
  C:02F1H         LINE#         421
BL51 BANKED LINKER/LOCATER V6.22.4.0                                                  05/29/2024  21:19:35  PAGE 8


  C:02F3H         LINE#         422
  C:02F6H         LINE#         423
  C:02F9H         LINE#         424
  C:02FBH         LINE#         427
  C:02FEH         LINE#         428
  C:0300H         LINE#         429
  C:0302H         LINE#         430
  C:0305H         LINE#         431
  C:0308H         LINE#         432
  C:030AH         LINE#         435
  C:030DH         LINE#         436
  C:0310H         LINE#         437
  C:0312H         LINE#         438
  C:0315H         LINE#         439
  C:0317H         LINE#         441
  -------         ENDMOD        MAIN

Program Size: data=8.0 xdata=0 code=802
LINK/LOCATE RUN COMPLETE.  0 WARNING(S),  0 ERROR(S)
